factory2.sam
factory4.sam
compose.sam
confused.sam
